711111111
222222222 ERR
333393333
444444444 ERR
555555555 AMB [559555555, 555655555]
666666666 AMB [686666666, 666566666]
777777177
888888888 AMB [888886888, 888888880, 888888988]
999999999 AMB [993999999, 999959999, 899999999]
000000051
49006771? ILL
1234?678? ILL
????????? ILL
711111111
490867715
123456789
